// Jest Snapshot v1, https://goo.gl/fbAQLP

exports[`matches snapshot 1`] = `
<DocumentFragment>
  <div
    class="waveform"
  >
    <h4>
      Waveform
    </h4>
    <div
      class="WaveformForm-radios"
    >
      <input
        id="sine"
        name="waveform"
        type="radio"
        value="sine"
      />
      <label
        for="sine"
      >
        Sine
      </label>
      <input
        id="triangle"
        name="waveform"
        type="radio"
        value="triangle"
      />
      <label
        for="triangle"
      >
        Triangle
      </label>
      <input
        id="sawtooth"
        name="waveform"
        type="radio"
        value="sawtooth"
      />
      <label
        for="sawtooth"
      >
        Sawtooth
      </label>
      <input
        id="square"
        name="waveform"
        type="radio"
        value="square"
      />
      <label
        for="square"
      >
        Square
      </label>
    </div>
  </div>
</DocumentFragment>
`;
