// Jest Snapshot v1, https://goo.gl/fbAQLP

exports[`App matches snapshot 1`] = `
<DocumentFragment>
  <div
    class="App"
  >
    <div
      class="Navigation"
    >
      <nav
        class="navbar navbar-expand-md"
      >
        <ul
          class="nav"
        >
          <li
            class="mr-3 nav-item"
          >
            <a
              aria-current="page"
              class="text-white active"
              href="/"
            >
              WebSynth
            </a>
          </li>
        </ul>
        <button
          aria-label="Toggle navigation"
          class="navbar-toggler"
          type="button"
        >
          <span
            class="navbar-toggler-icon"
          />
        </button>
        <div
          class="collapse navbar-collapse"
        >
          <ul
            class="ml-auto nav"
          >
            <li
              class="mr-3 nav-item"
            >
              <a
                class="text-white"
                href="/login"
              >
                Log In
              </a>
            </li>
            <li
              class="mr-2 nav-item"
            >
              <a
                class="text-white"
                href="/register"
              >
                Sign Up
              </a>
            </li>
          </ul>
        </div>
      </nav>
    </div>
    <div
      class="App-header"
    >
      <div>
        <div
          class="Home"
        >
          <div
            class="EffectsPanel"
          >
            <div>
              DummySynth
            </div>
            <h2>
              Log in or sign up to access more features!
            </h2>
          </div>
          <div
            class="Keyboard"
          >
            <div
              class="Key"
              id="CAPSLOCK"
            >
              <div
                class="Key-text capsLock"
              >
                CAPSLOCK
              </div>
            </div>
            <div
              class="Key-flat"
              id="Q"
            >
              <div
                class="Key-text u-white"
              >
                Q
              </div>
            </div>
            <div
              class="Key"
              id="A"
            >
              <div
                class="Key-text"
              >
                A
              </div>
            </div>
            <div
              class="Key-flat"
              id="W"
            >
              <div
                class="Key-text u-white"
              >
                W
              </div>
            </div>
            <div
              class="Key"
              id="S"
            >
              <div
                class="Key-text"
              >
                S
              </div>
            </div>
            <div
              class="Key-flat"
              id="E"
            >
              <div
                class="Key-text u-white"
              >
                E
              </div>
            </div>
            <div
              class="Key"
              id="D"
            >
              <div
                class="Key-text"
              >
                D
              </div>
            </div>
            <div
              class="Key"
              id="F"
            >
              <div
                class="Key-text"
              >
                F
              </div>
            </div>
            <div
              class="Key-flat"
              id="T"
            >
              <div
                class="Key-text u-white"
              >
                T
              </div>
            </div>
            <div
              class="Key"
              id="G"
            >
              <div
                class="Key-text"
              >
                G
              </div>
            </div>
            <div
              class="Key-flat"
              id="Y"
            >
              <div
                class="Key-text u-white"
              >
                Y
              </div>
            </div>
            <div
              class="Key"
              id="H"
            >
              <div
                class="Key-text"
              >
                H
              </div>
            </div>
            <div
              class="Key"
              id="J"
            >
              <div
                class="Key-text"
              >
                J
              </div>
            </div>
            <div
              class="Key-flat"
              id="I"
            >
              <div
                class="Key-text u-white"
              >
                I
              </div>
            </div>
            <div
              class="Key"
              id="K"
            >
              <div
                class="Key-text"
              >
                K
              </div>
            </div>
            <div
              class="Key-flat"
              id="O"
            >
              <div
                class="Key-text u-white"
              >
                O
              </div>
            </div>
            <div
              class="Key"
              id="L"
            >
              <div
                class="Key-text"
              >
                L
              </div>
            </div>
            <div
              class="Key-flat"
              id="P"
            >
              <div
                class="Key-text u-white"
              >
                P
              </div>
            </div>
            <div
              class="Key"
              id=";"
            >
              <div
                class="Key-text"
              >
                ;
              </div>
            </div>
            <div
              class="Key"
              id="'"
            >
              <div
                class="Key-text"
              >
                '
              </div>
            </div>
          </div>
          <div
            class="SaveForm-container"
          >
            <form
              class="SaveForm mt-5 w-50 d-inline"
            >
              <div
                class="input-group mt-5 mx-auto w-50"
              >
                <input
                  aria-describedby="button-save-profile"
                  aria-label="save profile"
                  class="form-control SaveForm-input form-control"
                  id="name"
                  name="name"
                  placeholder="Enter a name for your profile..."
                  type="text"
                  value=""
                />
                <button
                  class="btn btn btn-primary"
                  id="button-save-profile"
                  type="button"
                >
                  Save Profile
                </button>
              </div>
            </form>
          </div>
        </div>
      </div>
    </div>
  </div>
</DocumentFragment>
`;
