// Jest Snapshot v1, https://goo.gl/fbAQLP

exports[`Home matches snapshot 1`] = `
<DocumentFragment>
  <div
    class="Home"
  >
    <div
      class="EffectsPanel"
    >
      <div>
        DummySynth
      </div>
      <h2>
        Log in or sign up to access more features!
      </h2>
    </div>
    <div
      class="Keyboard"
    >
      <div
        class="Key"
        id="CAPSLOCK"
      >
        <div
          class="Key-text capsLock"
        >
          CAPSLOCK
        </div>
      </div>
      <div
        class="Key-flat"
        id="Q"
      >
        <div
          class="Key-text u-white"
        >
          Q
        </div>
      </div>
      <div
        class="Key"
        id="A"
      >
        <div
          class="Key-text"
        >
          A
        </div>
      </div>
      <div
        class="Key-flat"
        id="W"
      >
        <div
          class="Key-text u-white"
        >
          W
        </div>
      </div>
      <div
        class="Key"
        id="S"
      >
        <div
          class="Key-text"
        >
          S
        </div>
      </div>
      <div
        class="Key-flat"
        id="E"
      >
        <div
          class="Key-text u-white"
        >
          E
        </div>
      </div>
      <div
        class="Key"
        id="D"
      >
        <div
          class="Key-text"
        >
          D
        </div>
      </div>
      <div
        class="Key"
        id="F"
      >
        <div
          class="Key-text"
        >
          F
        </div>
      </div>
      <div
        class="Key-flat"
        id="T"
      >
        <div
          class="Key-text u-white"
        >
          T
        </div>
      </div>
      <div
        class="Key"
        id="G"
      >
        <div
          class="Key-text"
        >
          G
        </div>
      </div>
      <div
        class="Key-flat"
        id="Y"
      >
        <div
          class="Key-text u-white"
        >
          Y
        </div>
      </div>
      <div
        class="Key"
        id="H"
      >
        <div
          class="Key-text"
        >
          H
        </div>
      </div>
      <div
        class="Key"
        id="J"
      >
        <div
          class="Key-text"
        >
          J
        </div>
      </div>
      <div
        class="Key-flat"
        id="I"
      >
        <div
          class="Key-text u-white"
        >
          I
        </div>
      </div>
      <div
        class="Key"
        id="K"
      >
        <div
          class="Key-text"
        >
          K
        </div>
      </div>
      <div
        class="Key-flat"
        id="O"
      >
        <div
          class="Key-text u-white"
        >
          O
        </div>
      </div>
      <div
        class="Key"
        id="L"
      >
        <div
          class="Key-text"
        >
          L
        </div>
      </div>
      <div
        class="Key-flat"
        id="P"
      >
        <div
          class="Key-text u-white"
        >
          P
        </div>
      </div>
      <div
        class="Key"
        id=";"
      >
        <div
          class="Key-text"
        >
          ;
        </div>
      </div>
      <div
        class="Key"
        id="'"
      >
        <div
          class="Key-text"
        >
          '
        </div>
      </div>
    </div>
  </div>
</DocumentFragment>
`;
